[m.house365.com/nj.html]
[backblue.gif]
[fade.gif]
[index.html]
[m.house365.com/js/jquery9a0d.js]
[m.house365.com/js/common9a0d.js]
[m.house365.com/css/v2.css]
[m.house365.com/images/apple-touch-icon.png]
[m.house365.com/nj/news/024464792.html]
[m.house365.com/nj/news/024465305.html]
[m.house365.com/nj/news/024465645.html]
[m.house365.com/nj/news/024465454.html]
[m.house365.com/nj/news/024464188.html]
[m.house365.com/nj/news/024463766.html]
[m.house365.com/nj/news/024463975.html]
[m.house365.com/nj/news/024464100.html]
[m.house365.com/nj/news/024464101.html]
[m.house365.com/nj/news/024465492.html]
[m.house365.com/nj/news/024465186.html]
[m.house365.com/nj/news/024464845.html]
[m.house365.com/nj/news/024464398.html]
[m.house365.com/nj/news/024464269.html]
[m.house365.com/nj/news/024464207.html]
[m.house365.com/nj/news/024464201.html]
[m.house365.com/nj/news/024464200.html]
[m.house365.com/nj/news/024464199.html]
[m.house365.com/nj/news/024464185.html]
[m.house365.com/nj/bbs/5047225.html]
[m.house365.com/nj/bbs/5048141.html]
[m.house365.com/nj/bbs/5046429.html]
[m.house365.com/nj/bbs/4159893.html]
[m.house365.com/nj/bbs/5048213.html]
[m.house365.com/nj/bbs/5046351.html]
[m.house365.com/nj/bbs/5046455.html]
[m.house365.com/nj/bbs/5040513.html]
[m.house365.com/nj.html]
[m.house365.com/js/jquery9a0d.js]
[m.house365.com/nj/bbs/5042231.html]
[m.house365.com/js/swipe.js]
[m.house365.com/js/showpopup.js]
[m.house365.com/js/jquery-impromptu.js]
[m.house365.com/css/jquery-impromptu.css]
[m.house365.com/css/main.css]
[m.house365.com/js/common9a0d.js]
[m.house365.com/images/toplogo_bg.png]
[m.house365.com/images/hd/logod41d.png]
[m.house365.com/images/hd/icon_locationd41d.png]
[m.house365.com/images/hd/icon_download.png]
[m.house365.com/images/640/icon_newhouse.png]
[m.house365.com/images/640/icon_sellhouse.png]
[m.house365.com/images/640/icon_renthouse.png]
[m.house365.com/images/640/icon_event.png]
[m.house365.com/images/640/icon_tlf.png]
[m.house365.com/images/640/icon_tjf.png]
[m.house365.com/images/640/icon_coupon.png]
[m.house365.com/images/640/icon_news.png]
[m.house365.com/images/640/inon_decoration1.png]
[m.house365.com/images/icon_alld41d.png]
[m.house365.com/images/hd/icon_remove.png]
[m.house365.com/images/loading.gif]
[m.house365.com/images/hd/arrow_item.png]
[m.house365.com/images/hd/arrow_item_2.png]
[m.house365.com/images/hd/icon_search.png]
[m.house365.com/css/v2.css]
[m.house365.com/images/hd/close_top_right.png]
[m.house365.com/index.html]
[m.house365.com/js/jqueryefe2.js]
[m.house365.com/js/commonefe2.js]
[m.house365.com/sz.html]
[m.house365.com/wx.html]
[m.house365.com/cz.html]
[m.house365.com/ks.html]
[m.house365.com/hf.html]
[m.house365.com/wh.html]
[m.house365.com/hz.html]
[m.house365.com/xa.html]
[m.house365.com/cq.html]
[m.house365.com/sy.html]
[m.house365.com/bb.html]
[m.house365.com/tz.html]
[m.house365.com/tj.html]
[m.house365.com/yz.html]
[m.house365.com/jx.html]
[m.house365.com/hb.html]
[m.house365.com/cd.html]
[m.house365.com/nt.html]
[m.house365.com/yx.html]
[m.house365.com/cc.html]
[m.house365.com/suzhou.html]
[m.house365.com/sjz.html]
[m.house365.com/hrb.html]
[m.house365.com/wuhan.html]
[m.house365.com/index.html]
[m.house365.com/nj/newhouse/index.html]
[m.house365.com/nj/newhouse/laimengshuixieyangguang.html]
[img18.house365.com/njnewhouse/2014/07/28/thumb/140653499853d60556dc551.jpg]
[m.house365.com/nj/newhouse/langshiweilaijiequ.html]
[img26.house365.com/njnewhouse/2014/07/21/thumb/140592637253ccbbe44f664.jpg]
[m.house365.com/nj/newhouse/fulishangyueju.html]
[img14.house365.com/njnewhouse/2014/06/03/thumb/1401783393538d846138a9e.jpg]
[m.house365.com/nj/newhouse/yinchenglinyinli.html]
[img8.house365.com/njnewhouse/2014/03/25/thumb/139573177653312d405d9d9.jpg]
[img5.house365.com/njnewhouse/2013/12/18/thumb/138732846852b0f3d47248e.jpg]
[m.house365.com/nj/newhouse/aifeiguoji.html]
[img2.house365.com/njnewhouse/2010/01/20/12639757204b56bd28e7a73.jpg]
[m.house365.com/nj/newhouse/fengqiaoyazhu.html]
[img10.house365.com/njnewhouse/2013/08/19/thumb/13768769435211798f47c03.jpg]
[m.house365.com/nj/newhouse/haixiacheng.html]
[img9.house365.com/njnewhouse/2013/11/04/thumb/13835281705276f6ea77dca.jpg]
[m.house365.com/nj/newhouse/xinchengxiangyizijun.html]
[img13.house365.com/njnewhouse/2014/07/28/thumb/140650910753d5a0332c464.jpg]
[m.house365.com/nj/newhouse/weinisishuicheng.html]
[img3.house365.com/njnewhouse/2010/11/12/thumb/12895318034cdcb19b04ee4.jpg]
[m.house365.com/nj/newhouse/dafayanlanwan.html]
[m.house365.com/nj/newhouse/chengwanglidu.html]
[img7.house365.com/njnewhouse/2010/07/22/thumb/12798021934c483b51a0ce0.jpg]
[m.house365.com/nj/newhouse/wangzigongguan.html]
[img2.house365.com/njnewhouse/2010/06/01/thumb/12753715274c04a007b428e.jpg]
[m.house365.com/nj/newhouse/baijiahuliyuanguojigongguan.html]
[img9.house365.com/njnewhouse/2012/08/09/thumb/134449560550235ff58776a.jpg]
[m.house365.com/nj/newhouse/jinlunhuaerzi.html]
[img9.house365.com/njnewhouse/2010/01/20/12639823644b56d71ca740d.jpg]
[img8.house365.com/njnewhouse/2013/03/01/thumb/1362108648513020e89c243.jpg]
[m.house365.com/nj/newhouse/kairunguangchang.html]
[img6.house365.com/njnewhouse/2013/05/20/thumb/136901404751997f1f5d5d9.jpg]
[m.house365.com/nj/newhouse/yurunguojiguangchangzhoujixingzhenggongyu.html]
[img4.house365.com/njnewhouse/2013/07/25/thumb/137474475851f0f0b6b29bb.jpg]
[m.house365.com/nj/newhouse/zhongshanlu99hao.html]
[img8.house365.com/njnewhouse/2010/01/20/12639822544b56d6ae5cd56.jpg]
[m.house365.com/nj/newhouse/siyacaifuzhongxin.html]
[img5.house365.com/njnewhouse/2014/03/27/thumb/1395917281533401e183885.jpg]
[m.house365.com/nj/newhouse/xiangshanyijing.html]
[img9.house365.com/njnewhouse/2012/06/05/thumb/13388614194fcd676bc44d7.jpg]
[m.house365.com/nj/newhouse/dadyiliyatewan.html]
[m.house365.com/nj/newhouse/index.html]
[m.house365.com/indexec5f.html]
[m.house365.com/nj/sellhouse/index.html]
[m.house365.com/nj/sellhouse/47545187.html]
[img28.house365.com/njhouse/2014/08/22/thumb/140867882553f6bba932f80.jpg]
[m.house365.com/nj/sellhouse/46168669.html]
[img23.house365.com/njhouse/2014/07/16/thumb/140551432953c67259929ce.jpg]
[m.house365.com/nj/sellhouse/47006375.html]
[img19.house365.com/njhouse/2014/08/08/thumb/140748461753e482c98b760.jpg]
[m.house365.com/nj/sellhouse/47018806.html]
[img25.house365.com/njhouse/2014/08/08/thumb/140749899353e4baf149ee2.jpg]
[m.house365.com/nj/sellhouse/47545185.html]
[img15.house365.com/njhouse/2014/08/22/thumb/140867882153f6bba57625e.jpg]
[m.house365.com/nj/sellhouse/47545186.html]
[img15.house365.com/njhouse/2014/08/16/thumb/140817999153ef1f171ea1f.jpg]
[m.house365.com/nj/sellhouse/47003873.html]
[img13.house365.com/njhouse/2014/08/08/thumb/140748172953e4778133147.jpg]
[m.house365.com/nj/sellhouse/47018426.html]
[img16.house365.com/njhouse/2014/08/08/thumb/140749872653e4b9e677834.jpg]
[m.house365.com/nj/sellhouse/47000958.html]
[img24.house365.com/njhouse/2014/08/08/thumb/140747836253e46a5aa9a4b.jpg]
[m.house365.com/nj/sellhouse/46971058.html]
[img25.house365.com/njhouse/2014/08/07/thumb/140740263153e34287af65e.jpg]
[m.house365.com/nj/sellhouse/47010189.html]
[img26.house365.com/njhouse/2014/08/08/thumb/140748919153e494a7222f4.jpg]
[m.house365.com/nj/sellhouse/46526459.html]
[img21.house365.com/njhouse/2014/07/26/thumb/140636761453d3777ea1fc4.jpg]
[m.house365.com/nj/sellhouse/46534793.html]
[img12.house365.com/njhouse/2014/07/26/thumb/140637785653d39f80d150f.jpg]
[m.house365.com/nj/sellhouse/45976810.html]
[img12.house365.com/njhouse/2014/07/11/thumb/140506183953bf8acf6aae4.jpg]
[m.house365.com/nj/sellhouse/46345751.html]
[img15.house365.com/njhouse/2014/07/21/thumb/140592852553ccc44de3498.jpg]
[m.house365.com/nj/sellhouse/47000636.html]
[img29.house365.com/njhouse/2014/08/08/thumb/140747800753e468f77332f.jpg]
[m.house365.com/nj/sellhouse/47002898.html]
[img19.house365.com/njhouse/2014/08/08/thumb/140748059953e47317d8858.jpg]
[m.house365.com/nj/sellhouse/46998047.html]
[img24.house365.com/njhouse/2014/08/08/thumb/140747012353e44a2b8527c.jpg]
[m.house365.com/nj/sellhouse/46429162.html]
[img15.house365.com/njhouse/2014/07/23/thumb/140612089953cfb3c3b102c.jpg]
[m.house365.com/nj/sellhouse/46464936.html]
[img14.house365.com/njhouse/2014/07/24/thumb/140620445953d0fa2bc251f.jpg]
[m.house365.com/index5f0a.html]
[m.house365.com/indexbcf3.html]
[m.house365.com/nj/sellhouse/index.html]
[m.house365.com/nj/renthouse/index.html]
[m.house365.com/nj/renthouse/44434462.html]
[img24.house365.com/njhouse/2014/08/22/thumb/140866931853f696861a4c5.jpg]
[m.house365.com/nj/renthouse/44431213.html]
[m.house365.com/nj/renthouse/44406127.html]
[img20.house365.com/njhouse/2014/08/20/thumb/140850003553f401438de7b.jpg]
[m.house365.com/nj/renthouse/44353052.html]
[img15.house365.com/njhouse/2014/08/16/thumb/140814953353eea81d886ab.jpg]
[m.house365.com/nj/renthouse/44366974.html]
[img12.house365.com/njhouse/2014/08/17/thumb/140823944153f00751d40ec.jpg]
[m.house365.com/nj/renthouse/44366973.html]
[img14.house365.com/njhouse/2014/08/17/thumb/140823944153f0075189c81.jpg]
[m.house365.com/nj/renthouse/44366970.html]
[img18.house365.com/njhouse/2014/08/17/thumb/140823944153f0075161cdf.jpg]
[m.house365.com/nj/renthouse/44406460.html]
[img15.house365.com/njhouse/2014/08/20/thumb/140850116053f405a8dd420.jpg]
[m.house365.com/nj/renthouse/44402589.html]
[img20.house365.com/njhouse/2014/08/19/thumb/140845203653f345c4b4716.jpg]
[m.house365.com/nj/renthouse/44429538.html]
[img20.house365.com/njhouse/2014/08/21/thumb/140862695853f5f10e9e437.jpg]
[m.house365.com/nj/renthouse/44434461.html]
[img27.house365.com/njhouse/2014/08/22/140867888353f6bbe320a00.jpg]
[m.house365.com/nj/renthouse/44117034.html]
[img4.house365.com/njhouse/2013/11/25/thumb/1385366195529302b39cdcc.jpg]
[m.house365.com/nj/renthouse/44434460.html]
[img13.house365.com/njhouse/2014/08/13/thumb/140791647353eb19b92a912.jpg]
[m.house365.com/nj/renthouse/44091775.html]
[img3.house365.com/njhouse/2013/11/25/thumb/1385366187529302aba3899.jpg]
[img25.house365.com/njhouse/2014/08/05/thumb/140721031453e0534aea64a.jpg]
[m.house365.com/nj/renthouse/44210905.html]
[m.house365.com/nj/renthouse/44422870.html]
[m.house365.com/nj/renthouse/44399840.html]
[img12.house365.com/njhouse/2014/08/19/thumb/140844333353f323c5a7f5b.jpg]
[m.house365.com/nj/renthouse/44406220.html]
[img28.house365.com/njhouse/2014/08/20/thumb/140850013453f401a6455d0.jpg]
[m.house365.com/nj/renthouse/44429662.html]
[img18.house365.com/njhouse/2014/08/21/thumb/140862756253f5f36a13e21.jpg]
[m.house365.com/nj/renthouse/44429695.html]
[img14.house365.com/njhouse/2014/08/21/thumb/140862770253f5f3f62fb2f.jpg]
[m.house365.com/index6446.html]
[m.house365.com/nj/renthouse/index.html]
[m.house365.com/index7502.html]
[m.house365.com/css/kft.css]
[m.house365.com/index7502.html]
[m.house365.com/index0890.html]
[img14.house365.com/nj/2014/08/21/140861334453f5bbe0b4112.jpg]
[img17.house365.com/nj/2014/08/12/140780651553e96c33d6854.jpg]
[img15.house365.com/nj/2014/08/05/140722774053e0975c576e8.jpg]
[img18.house365.com/nj/2014/07/29/140660430053d7140c7adf5.jpg]
[img19.house365.com/nj/2014/08/01/140685686553daeea170839.jpg]
[img17.house365.com/nj/2014/07/29/140660406953d713254b85e.jpg]
[img14.house365.com/nj/2014/07/29/140660361153d7115b25fd8.jpg]
[img18.house365.com/nj/2014/07/11/140504124653bf3a5e7c175.jpg]
[img3.house365.com/nj/2014/03/05/139399052753169b7f3eb15.jpg]
[img12.house365.com/nj/2014/07/01/140420772653b2826e379bb.jpg]
[img14.house365.com/nj/2014/07/11/140504102053bf397c12680.jpg]
[img20.house365.com/nj/2014/04/30/13988421605360a330a9ae5.jpg]
[img14.house365.com/nj/2014/07/01/140419406553b24d11aee81.jpg]
[img5.house365.com/nj/2013/09/18/137949296552396465da928.jpg]
[img3.house365.com/nj/2014/04/04/1396581863533e25e7069e7.jpg]
[img7.house365.com/nj/2013/11/22/1385115912528f3108a9d5e.jpg]
[img20.house365.com/nj/2014/05/05/139927081553672d9f8d162.jpg]
[img8.house365.com/nj/2013/12/11/138673910152a7f59d6d8b1.jpg]
[img3.house365.com/nj/2013/12/12/138684327352a98c89bfa2c.jpg]
[img15.house365.com/nj/2014/05/22/1400743848537da7a88e807.jpg]
[m.house365.com/index0890-2.html]
[m.house365.com/index0890.html]
[m.house365.com/index274b.html]
[img6.house365.com/bbs/2012/10/15/1350273530507b89fa019c0.jpg]
[img10.house365.com/bbs/2012/09/26/13486445885062aeec48ac9.jpg]
[m.house365.com/index274b-2.html]
[m.house365.com/index274b.html]
[m.house365.com/index5395.html]
[img4.house365.com/wh/2014/04/03/1396506449533cff51a8d4a.png]
[m.house365.com/index5395.html]
[m.house365.com/index5395-2.html]
[m.house365.com/nj/news/index.html]
[www.house365.com/wap/thumb6cb8.jpg]
[www.house365.com/wap/thumbc459.jpg]
[www.house365.com/wap/thumbb52c.jpg]
[www.house365.com/wap/thumbb4a5.jpg]
[www.house365.com/wap/thumbca21.jpg]
[www.house365.com/wap/thumbd1f5.jpg]
[www.house365.com/wap/thumbf0d2.jpg]
[www.house365.com/wap/thumb2a17.jpg]
[www.house365.com/wap/thumbf86e.jpg]
[www.house365.com/wap/thumb6035.jpg]
[www.house365.com/wap/thumb7790.jpg]
[www.house365.com/wap/thumbfb37.jpg]
[www.house365.com/wap/thumb7b81.jpg]
[www.house365.com/wap/thumbf1cd.jpg]
[www.house365.com/wap/thumb9e17.jpg]
[www.house365.com/wap/thumb32ca.jpg]
[www.house365.com/wap/thumb0f38.jpg]
[www.house365.com/wap/thumb1a94.jpg]
[www.house365.com/wap/thumba5fa.jpg]
[www.house365.com/wap/thumb373f.jpg]
[m.house365.com/nj/news/024464182.html]
[www.house365.com/wap/thumba98f.jpg]
[m.house365.com/nj/news/024464181.html]
[www.house365.com/wap/thumb5044.jpg]
[m.house365.com/nj/news/024464111.html]
[www.house365.com/wap/thumba2ab.png]
[m.house365.com/nj/news/024463995.html]
[www.house365.com/wap/thumb1990.jpg]
[m.house365.com/nj/news/024463727.html]
[m.house365.com/nj/news/024461924.html]
[m.house365.com/nj/news/024461688.html]
[www.house365.com/wap/thumba3fc.jpg]
[m.house365.com/nj/news/024461401.html]
[m.house365.com/nj/news/024461378.html]
[www.house365.com/wap/thumb1f6c.jpg]
[m.house365.com/nj/news/024461322.html]
[www.house365.com/wap/thumb5253.jpg]
[m.house365.com/nj/news/index.html]
[m.house365.com/indexbd30.html]
[m.house365.com/index256a.html]
[img15.house365.com/nj/2014/05/15/1400131664537450506e19b.jpg]
[img20.house365.com/nj/2014/08/01/140687753653db3f60910da.jpg]
[img15.house365.com/nj/2014/08/11/140773540153e856699a714.jpg]
[m.house365.com/index256a.html]
[m.house365.com/index256a-2.html]
[www.house365.com/wap/thumb1eb6.jpg]
[m.house365.com/images/qzone.png]
[m.house365.com/images/sinaweibo.png]
[m.house365.com/images/tentweibo.png]
[m.house365.com/images/weixin.png]
[www.house365.com/wap/thumb9741.jpg]
[bdimg.share.baidu.com/static/api/js/share6e53.js]
[m.house365.com/js/share9a0d.js]
[m.house365.com/nj/news/024464792.html]
[m.house365.com/css/common.css]
[m.house365.com/css/jquerymobile.mini.css]
[m.house365.com/js/jquery.mobile-1.4.2.min.js]
[m.house365.com/js/jquery.event.drag-1.5.min.js]
[m.house365.com/js/jquery.touchSlider.js]
[www.house365.com/wap/thumbfeda.jpg]
[www.house365.com/wap/thumb1cbc.jpg]
[www.house365.com/wap/thumbf3af.jpg]
[www.house365.com/wap/thumb73c3.jpg]
[www.house365.com/wap/thumb7a5a.jpg]
[www.house365.com/wap/thumb9444.jpg]
[www.house365.com/wap/thumb6f93.jpg]
[m.house365.com/nj/news/024465305.html]
[www.house365.com/wap/thumbdf57.jpg]
[www.house365.com/wap/thumbd8d0.jpg]
[m.house365.com/nj/news/024465645.html]
[www.house365.com/wap/thumbbfea.jpg]
[www.house365.com/wap/thumbbf33.jpg]
[m.house365.com/nj/news/024465454.html]
[www.house365.com/wap/thumbf9bb.jpg]
[m.house365.com/nj/news/024464188.html]
[www.house365.com/wap/thumb362c.jpg]
[www.house365.com/wap/thumba36d.jpg]
[m.house365.com/nj/news/024463766.html]
[www.house365.com/wap/thumb90d8.jpg]
[www.house365.com/wap/thumbad56.jpg]
[m.house365.com/nj/news/024463975.html]
[www.house365.com/wap/thumbc159.png]
[www.house365.com/wap/thumb61a7.jpg]
[m.house365.com/nj/news/024464100.html]
[www.house365.com/wap/thumbcce9.jpg]
[www.house365.com/wap/thumb1476.jpg]
[www.house365.com/wap/thumb9e6c.jpg]
[www.house365.com/wap/thumb18f1.jpg]
[www.house365.com/wap/thumbf0e6.jpg]
[www.house365.com/wap/thumb0297.jpg]
[www.house365.com/wap/thumbc8bf.jpg]
[www.house365.com/wap/thumbb322.jpg]
[www.house365.com/wap/thumb9847.jpg]
[www.house365.com/wap/thumb40fd.jpg]
[www.house365.com/wap/thumb6e95.jpg]
[www.house365.com/wap/thumb9e56.jpg]
[m.house365.com/nj/news/024464101.html]
[www.house365.com/wap/thumba4ca.jpg]
[m.house365.com/nj/news/024465492.html]
[www.house365.com/wap/thumbea98.jpg]
[www.house365.com/wap/thumb851b.jpg]
[www.house365.com/wap/thumb2aac.jpg]
[m.house365.com/nj/news/024465186.html]
[www.house365.com/wap/thumbd8ba.jpg]
[m.house365.com/nj/news/024464845.html]
[www.house365.com/wap/thumb84e1.jpg]
[www.house365.com/wap/thumb5755.jpg]
[m.house365.com/nj/news/024464398.html]
[www.house365.com/wap/thumbc90f.jpg]
[www.house365.com/wap/thumb2bd0.jpg]
[www.house365.com/wap/thumb9572.jpg]
[m.house365.com/nj/news/024464269.html]
[www.house365.com/wap/thumb2db7.jpg]
[m.house365.com/nj/news/024464207.html]
[www.house365.com/wap/thumb73b3.jpg]
[m.house365.com/nj/news/024464201.html]
[www.house365.com/wap/thumb0d1e.jpg]
[www.house365.com/wap/thumbc02d.jpg]
[m.house365.com/nj/news/024464200.html]
[www.house365.com/wap/thumb7a28.jpg]
[m.house365.com/nj/news/024464199.html]
[www.house365.com/wap/thumb58bc.jpg]
[m.house365.com/nj/news/024464185.html]
[m.house365.com/nj/bbs/index.html]
[m.house365.com/images/app_bbs_ad.jpg]
[m.house365.com/nj/bbs/5048305.html]
[img24.house365.com/bbs/2014/08/22/140867791153f6b817ebde8.jpg]
[img26.house365.com/bbs/2014/08/21/140859863453f5826abc15f.jpg]
[m.house365.com/nj/bbs/5046019.html]
[img17.house365.com/bbs/2014/08/21/140858220453f5423cb0439.jpg]
[img20.house365.com/bbs/2014/08/19/140841174853f2a86412c5f.jpg]
[m.house365.com/nj/bbs/5034567.html]
[img14.house365.com/bbs/2014/08/20/140851794253f4473685542.jpg]
[m.house365.com/nj/bbs/5044081.html]
[m.house365.com/nj/bbs/4640509.html]
[m.house365.com/nj/bbs/5048059.html]
[m.house365.com/nj/bbs/5047197.html]
[m.house365.com/nj/bbs/5047983.html]
[m.house365.com/nj/bbs/5046745.html]
[m.house365.com/nj/bbs/5046585.html]
[m.house365.com/nj/bbs/5047931.html]
[m.house365.com/nj/bbs/5048163.html]
[m.house365.com/nj/bbs/5047241.html]
[m.house365.com/nj/bbs/5046841.html]
[m.house365.com/nj/bbs/5045995.html]
[m.house365.com/nj/bbs/5045767.html]
[m.house365.com/nj/bbs/5045601.html]
[m.house365.com/nj/bbs/5045253.html]
[m.house365.com/nj/bbs/5045759.html]
[m.house365.com/nj/bbs/5045521.html]
[m.house365.com/nj/bbs/5044167.html]
[m.house365.com/nj/bbs/5045251.html]
[m.house365.com/nj/bbs/5046145.html]
[m.house365.com/nj/bbs/5045385.html]
[m.house365.com/nj/bbs/5044521.html]
[m.house365.com/nj/bbs/5045167.html]
[m.house365.com/nj/bbs/5044643.html]
[m.house365.com/nj/bbs/5042935.html]
[m.house365.com/nj/bbs/index.html]
[m.house365.com/nj/bbs/5044091.html]
[m.house365.com/indexc738.html]
[m.house365.com/index4115.html]
[img29.house365.com/bbsuserpic/2014/08/13/thumb/140788968653eab1160d566.gif]
[img8.house365.com/bbsuserpic/2013/05/15/small_client/13685876735192fd990d488.jpg]
[img9.house365.com/bbsuserpic/2013/05/15/small_client/1368605346519342a288632.jpg]
[img21.house365.com/bbsuserpic/2014/08/21/small_client/140861120053f5b380f1b0a.jpg]
[img7.house365.com/njfdcnews/2009/02/11/small_client/1234315474499228d254182.jpg]
[img1.house365.com/bbs/useravatar/12928543364d0f64403058d.gif]
[img1.house365.com/bbs/useravatar/12928543364d0f644099161.gif]
[img2.house365.com/njbbsavatar/2014/03/07/1560357_avatar_small.jpg]
[img1.house365.com/bbs/useravatar/12928543374d0f6441328d2.gif]
[m.house365.com/nj/bbs/5047225.html]
[m.house365.com/index498b.html]
[m.house365.com/indexc6b2.html]
[img1.house365.com/bbs/useravatar/12928543534d0f6451c7792.gif]
[img2.house365.com/njbbsavatar/2014/04/16/1789475_avatar_small.jpg]
[img1.house365.com/bbs/useravatar/12928543404d0f6444301b1.gif]
[img1.house365.com/bbs/useravatar/12928543554d0f64537959e.gif]
[img2.house365.com/njbbsavatar/2013/05/28/1323309_avatar_small.jpg]
[m.house365.com/nj/bbs/5048141.html]
[m.house365.com/index370b.html]
[img2.house365.com/njbbsavatar/2013/01/10/1014600_avatar_small.jpg]
[img11.house365.com/bbsuserpic/2014/08/21/140861413153f5bef309411.jpg]
[img11.house365.com/bbsuserpic/2014/08/21/thumb/small_client/140861413153f5bef309411.jpg]
[img5.house365.com/bbsuserpic/2012/11/29/small_client/135415905250b6d3cc26518.gif]
[img6.house365.com/czbbsuserpic/2009/10/28/small_client/12567112124ae7e42c5a342.gif]
[img19.house365.com/bbsuserpic/2014/08/21/small_client/140859002153f560c514076.jpg]
[img11.house365.com/bbsuserpic/2014/08/21/small_client/140860333853f594ca49e86.jpg]
[img4.house365.com/bbsuserpic/2012/11/29/small_client/135415467250b6c2b067b82.gif]
[img28.house365.com/bbsuserpic/2014/08/21/small_client/140860483453f59aa222a7b.jpg]
[img27.house365.com/bbsuserpic/2014/08/21/small_client/140860483453f59aa277db6.jpg]
[img8.house365.com/bbsuserpic/2012/11/29/small_client/135415988550b6d70de49c4.gif]
[img4.house365.com/bbsuserpic/2012/11/28/small_client/135409578850b5dcaca6b42.gif]
[img9.house365.com/bbsuserpic/2012/11/28/small_client/135409391850b5d55e5884d.gif]
[img6.house365.com/bbsuserpic/2013/07/29/small_client/137508775951f62c8fb0d4c.gif]
[img28.house365.com/bbsuserpic/2014/08/21/small_client/140860622153f5a00dab2db.jpg]
[img14.house365.com/bbsuserpic/2014/08/21/small_client/140860630353f5a05f28d8c.jpg]
[img5.house365.com/bbsuserpic/2012/11/29/small_client/135415977350b6d69d8a9df.gif]
[img30.house365.com/bbsuserpic/2014/08/21/small_client/140860704053f5a3405a8e9.jpg]
[img2.house365.com/bbsuserpic/2012/11/29/small_client/135415955750b6d5c5efbc1.gif]
[img18.house365.com/bbsuserpic/2014/08/21/small_client/140860826353f5a807896e8.jpg]
[img16.house365.com/bbsuserpic/2014/08/21/140860916653f5ab8e90a42.jpg]
[img16.house365.com/bbsuserpic/2014/08/21/thumb/small_client/140860916653f5ab8e90a42.jpg]
[img13.house365.com/bbsuserpic/2014/08/21/140860916753f5ab8f408eb.jpg]
[img13.house365.com/bbsuserpic/2014/08/21/thumb/small_client/140860916753f5ab8f408eb.jpg]
[img22.house365.com/bbsuserpic/2014/08/21/140860916753f5ab8faf65a.jpg]
[img22.house365.com/bbsuserpic/2014/08/21/thumb/small_client/140860916753f5ab8faf65a.jpg]
[img24.house365.com/bbsuserpic/2014/08/21/140860916853f5ab903129d.jpg]
[img24.house365.com/bbsuserpic/2014/08/21/thumb/small_client/140860916853f5ab903129d.jpg]
[img24.house365.com/bbsuserpic/2014/08/21/140860916853f5ab90a468a.jpg]
[img24.house365.com/bbsuserpic/2014/08/21/thumb/small_client/140860916853f5ab90a468a.jpg]
[img27.house365.com/bbsuserpic/2014/08/21/small_client/140860980753f5ae0f3ee4d.jpg]
[img11.house365.com/bbsuserpic/2014/08/21/small_client/140860980753f5ae0fbad64.jpg]
[img27.house365.com/bbsuserpic/2014/08/21/140860995453f5aea2e144d.jpg]
[img27.house365.com/bbsuserpic/2014/08/21/thumb/small_client/140860995453f5aea2e144d.jpg]
[img25.house365.com/bbsuserpic/2014/08/21/140860995553f5aea34ae16.jpg]
[img25.house365.com/bbsuserpic/2014/08/21/thumb/small_client/140860995553f5aea34ae16.jpg]
[img30.house365.com/bbsuserpic/2014/08/21/140860995553f5aea3ac882.jpg]
[img30.house365.com/bbsuserpic/2014/08/21/thumb/small_client/140860995553f5aea3ac882.jpg]
[img17.house365.com/bbsuserpic/2014/08/21/140860995653f5aea42219f.jpg]
[img17.house365.com/bbsuserpic/2014/08/21/thumb/small_client/140860995653f5aea42219f.jpg]
[img22.house365.com/bbsuserpic/2014/08/21/140860995653f5aea471ae4.jpg]
[img22.house365.com/bbsuserpic/2014/08/21/thumb/small_client/140860995653f5aea471ae4.jpg]
[img21.house365.com/bbsuserpic/2014/08/21/small_client/140861116253f5b35aa864b.jpg]
[img2.house365.com/bbsuserpic/2012/11/29/small_client/135415430250b6c13eb9ba0.gif]
[img25.house365.com/bbsuserpic/2014/06/22/140344215953a6d3efcb194.jpg]
[img25.house365.com/bbsuserpic/2014/06/22/thumb/small_client/140344215953a6d3efcb194.jpg]
[img30.house365.com/bbsuserpic/2014/06/22/140344216353a6d3f379450.jpg]
[img30.house365.com/bbsuserpic/2014/06/22/thumb/small_client/140344216353a6d3f379450.jpg]
[img12.house365.com/bbsuserpic/2014/06/22/140344219853a6d416480a8.jpg]
[img12.house365.com/bbsuserpic/2014/06/22/thumb/small_client/140344219853a6d416480a8.jpg]
[img22.house365.com/bbsuserpic/2014/06/22/140344216753a6d3f75de10.jpg]
[img22.house365.com/bbsuserpic/2014/06/22/thumb/small_client/140344216753a6d3f75de10.jpg]
[img28.house365.com/bbsuserpic/2014/08/21/small_client/140861166153f5b54d37fd2.jpg]
[m.house365.com/nj/bbs/5046429.html]
[m.house365.com/index100f.html]
[img2.house365.com/njbbsavatar/2012/01/06/911967_avatar_small.jpg]
[img2.house365.com/bbsuserpic/2013/03/14/small_client/13632575965141a8fceb459.jpg]
[img6.house365.com/bbsuserpic/2013/03/14/small_client/13632575975141a8fd578fe.jpg]
[img3.house365.com/bbsuserpic/2013/03/14/small_client/13632586155141acf7e85cb.jpg]
[img2.house365.com/njbbsavatar/2013/01/23/1021231_avatar_small.jpg]
[img1.house365.com/bbs/images/smilies/default/4.gif]
[img2.house365.com/njbbsavatar/2011/11/25/862205_avatar_small.jpg]
[img1.house365.com/bbs/images/smilies/default/84.gif]
[img2.house365.com/njbbsavatar/2013/03/01/1266151_avatar_small.jpg]
[img1.house365.com/bbs/images/smilies/default/14.gif]
[img2.house365.com/njbbsavatar/2012/03/31/950638_avatar_small.jpg]
[img2.house365.com/njbbsavatar/2012/08/06/1037307_avatar_small.jpg]
[img1.house365.com/bbs/images/smilies/default/3.gif]
[img2.house365.com/njbbsavatar/2013/05/16/877135_avatar_small.jpg]
[img2.house365.com/njbbsavatar/2013/01/17/982773_avatar_small.jpg]
[bbs.house365.com/images/smilies/default/7.gif]
[m.house365.com/nj/bbs/4159893.html]
[img10.house365.com/bbsuserpic/2014/01/02/thumb/138863338752c4dd2b3b353.gif]
[img1.house365.com/bbs/useravatar/12928543514d0f644f76e85.gif]
[img1.house365.com/bbs/useravatar/12928543384d0f6442cecbf.gif]
[img1.house365.com/bbs/useravatar/12928543544d0f64524af8b.gif]
[img2.house365.com/njbbsavatar/2014/03/14/1757735_avatar_small.jpg]
[img2.house365.com/njbbsavatar/2013/09/03/354247_avatar_small.jpg]
[img1.house365.com/bbs/useravatar/12928547754d0f65f7c779e.gif]
[m.house365.com/nj/bbs/5048213.html]
[img2.house365.com/njbbsavatar/2014/01/06/1466997_avatar_small.jpg]
[img24.house365.com/bbsuserpic/2014/08/21/small_client/140858925253f55dc4dbee4.jpg]
[m.house365.com/indexb3f8.html]
[img26.house365.com/bbsuserpic/2014/08/21/small_client/140859842853f5819cd1451.gif]
[img7.house365.com/czbbsuserpic/2009/10/28/small_client/12567112114ae7e42be74c1.gif]
[img9.house365.com/czbbsuserpic/2009/10/28/small_client/12567099314ae7df2bec097.gif]
[img5.house365.com/njbbsuserpic/2010/01/20/small_client/12639548884b566bc8a811f.gif]
[img5.house365.com/bbsuserpic/2010/05/07/small_client/12732238184be3da8a91a24.gif]
[img25.house365.com/bbsuserpic/2014/08/21/small_client/140859991353f5876956479.png]
[img8.house365.com/bbsuserpic/2014/01/02/small_client/138862933752c4cd5933cba.jpg]
[img8.house365.com/bbsuserpic/2012/11/29/small_client/135415349950b6be1b94a38.gif]
[img9.house365.com/bbsuserpic/2013/06/19/small_client/137164015751c1915d5eefc.jpg]
[img6.house365.com/bbsuserpic/2013/06/19/small_client/137164021951c1919b3355e.jpg]
[img2.house365.com/bbsuserpic/2013/06/19/small_client/137164015251c19158c604f.jpg]
[img20.house365.com/bbsuserpic/2014/08/21/small_client/140859395453f57022b1df8.jpg]
[img12.house365.com/bbsuserpic/2014/08/15/small_client/140808004853ed98b0e6b62.jpg]
[img21.house365.com/bbsuserpic/2014/08/15/small_client/140808004953ed98b150aab.jpg]
[img13.house365.com/bbsuserpic/2014/05/12/small_client/1399886769537093b1b69ac.jpg]
[img11.house365.com/bbsuserpic/2014/05/12/small_client/1399886770537093b235339.jpg]
[img16.house365.com/bbsuserpic/2014/05/12/small_client/13998868955370942f7e741.jpg]
[img6.house365.com/bbsuserpic/2014/04/01/small_client/1396343229533a81bdc4396.jpg]
[img4.house365.com/bbsuserpic/2013/08/30/small_client/13778731865220ad22c53df.jpg]
[img6.house365.com/bbsuserpic/2014/04/01/small_client/1396343244533a81cce444e.jpg]
[img6.house365.com/bbsuserpic/2013/06/18/small_client/137155342951c03e9589386.jpg]
[img8.house365.com/bbsuserpic/2013/10/20/small_client/138223986652634e7a35e03.jpg]
[img9.house365.com/njnewhouse/2012/06/19/small_client/13401029854fe05949cc6b1.jpg]
[img2.house365.com/bbsuserpic/2013/08/30/small_client/13778734015220adf963d71.jpg]
[img2.house365.com/njbbsavatar/2014/01/06/1689661_avatar_small.jpg]
[img8.house365.com/czbbsuserpic/2009/10/28/small_client/12567099314ae7df2b31333.gif]
[img2.house365.com/njbbsavatar/2013/11/13/1572709_avatar_small.jpg]
[img7.house365.com/bbsuserpic/2010/12/29/small_client/12936151214d1b0011b610f.gif]
[img5.house365.com/bbsuserpic/2010/12/29/small_client/12936151224d1b00120648a.gif]
[img6.house365.com/bbsuserpic/2013/06/18/small_client/137155390751c04073e6d44.jpg]
[img10.house365.com/bbsuserpic/2013/06/18/small_client/137155390851c040746c666.jpg]
[img7.house365.com/bbsuserpic/2013/06/18/small_client/137155390851c04074d170a.jpg]
[img25.house365.com/bbsuserpic/2014/07/15/small_client/140541965553c5008701968.jpg]
[img26.house365.com/bbsuserpic/2014/08/15/small_client/1408101172_29.jpg]
[m.house365.com/nj/bbs/5046351.html]
[img14.house365.com/njbbsavatar/2014/06/13/1311415_avatar_small.jpg]
[img14.house365.com/bbsuserpic/2014/08/21/small_client/140859071953f5637f43450.jpg]
[img18.house365.com/bbsuserpic/2014/08/21/small_client/140858995553f56083c8b63.gif]
[img12.house365.com/bbsuserpic/2014/08/21/small_client/140859111553f5650be0861.gif]
[img2.house365.com/bbsuserpic/2011/09/07/small_client/13153952154e67568f6dda6.gif]
[img6.house365.com/bbsuserpic/2012/11/29/small_client/135415282550b6bb797c767.gif]
[img16.house365.com/bbsuserpic/2014/08/21/small_client/140859131353f565d1ee1dc.jpg]
[img11.house365.com/bbsuserpic/2014/08/21/small_client/140859165953f5672bc1f8d.jpg]
[img13.house365.com/bbsuserpic/2014/08/21/small_client/140859283053f56bbe4d893.jpg]
[img15.house365.com/bbsuserpic/2014/08/21/small_client/140859326353f56d6f1e1c8.jpg]
[img18.house365.com/bbsuserpic/2014/08/21/small_client/140859765953f57e9bc1123.jpg]
[img24.house365.com/bbsuserpic/2014/08/21/small_client/140859798353f57fdfd0f62.jpg]
[img14.house365.com/bbsuserpic/2014/08/21/small_client/140859811453f58062aba27.gif]
[img2.house365.com/njbbsavatar/2013/09/18/1312585_avatar_small.jpg]
[img11.house365.com/njbbsavatar/2014/08/01/754186_avatar_small.jpg]
[img20.house365.com/bbsuserpic/2014/08/11/small_client/140772485053e82d320fcc8.jpg]
[img20.house365.com/bbsuserpic/2014/07/03/small_client/140435794853b4cd3c18e85.jpg]
[img11.house365.com/bbsuserpic/2014/07/03/small_client/140436685353b4f0054df80.jpg]
[img18.house365.com/bbsuserpic/2014/06/20/small_client/140325738353a402277cb8f.jpg]
[img27.house365.com/bbsuserpic/2014/08/21/small_client/140860112453f58c24a71e5.jpg]
[img2.house365.com/njbbsavatar/2013/10/08/1416865_avatar_small.jpg]
[img2.house365.com/njbbsavatar/2011/11/30/529645_avatar_small.jpg]
[img2.house365.com/njbbsavatar/2013/03/30/1299233_avatar_small.jpg]
[img2.house365.com/njbbsavatar/2012/04/02/565555_avatar_small.jpg]
[m.house365.com/nj/bbs/5046455.html]
[img2.house365.com/njbbsavatar/2011/10/20/789936_avatar_small.jpg]
[img1.house365.com/bbs/useravatar/12928543514d0f644f8f524.gif]
[img1.house365.com/bbs/useravatar/12928543374d0f6441cecc1.gif]
[m.house365.com/nj/bbs/5040513.html]
[m.house365.com/index697a.html]
[img4.house365.com/bbsuserpic/2012/03/16/small_client/13318635764f62a018d2786.jpg]
[img7.house365.com/bbsuserpic/2011/06/15/small_client/13081267544df86e223f8ee.jpg]
[img7.house365.com/bbsuserpic/2012/11/16/small_client/135303309450a5a5862302a.gif]
[img3.house365.com/bbsuserpic/2012/11/29/small_client/135415288450b6bbb4c63fd.gif]
[img5.house365.com/njbbsuserpic/2010/01/20/small_client/12639549004b566bd496f1a.gif]
[img2.house365.com/bbsuserpic/2013/04/25/small_client/13668732615178d4ad1a90c.gif]
[img5.house365.com/bbsuserpic/2012/11/29/small_client/135415315050b6bcbeb09b4.gif]
[img27.house365.com/bbsuserpic/2014/08/19/small_client/140841706653f2bd2a54970.jpg]
[img30.house365.com/bbsuserpic/2014/08/19/small_client/140841764053f2bf68eae22.jpg]
[img11.house365.com/bbsuserpic/2014/08/19/small_client/140841764153f2bf6946d21.jpg]
[img27.house365.com/bbsuserpic/2014/08/19/small_client/140841795253f2c0a0553d6.jpg]
[img18.house365.com/bbsuserpic/2014/08/19/small_client/140841795253f2c0a0af134.jpg]
[img22.house365.com/bbsuserpic/2014/08/19/small_client/140841823653f2c1bc6f1ea.jpg]
[img28.house365.com/bbsuserpic/2014/08/19/small_client/140841823653f2c1bcc9338.jpg]
[img13.house365.com/bbsuserpic/2014/08/19/small_client/140841823753f2c1bd305d8.jpg]
[img15.house365.com/bbsuserpic/2014/08/19/small_client/140841868453f2c37c20d54.jpg]
[img27.house365.com/bbsuserpic/2014/08/19/small_client/140841868453f2c37c777f6.jpg]
[img21.house365.com/bbsuserpic/2014/08/19/small_client/140841868453f2c37ccb3cd.jpg]
[img13.house365.com/bbsuserpic/2014/08/19/small_client/140841884253f2c41a92047.jpg]
[img27.house365.com/bbsuserpic/2014/08/19/small_client/140841884253f2c41b0006f.jpg]
[img26.house365.com/bbsuserpic/2014/08/19/small_client/140841921153f2c58b3a1ea.jpg]
[img17.house365.com/bbsuserpic/2014/08/19/small_client/140841921153f2c58b9db90.jpg]
[img7.house365.com/bbsuserpic/2010/06/12/small_client/12763294004c133db8d93d5.gif]
[img2.house365.com/njbbsavatar/2013/05/21/1316919_avatar_small.jpg]
[m.house365.com/nj/bbs/5042231.html]
[m.house365.com/indexf103.html]
[m.house365.com/indexf103.html]
[m.house365.com/js/swipe.js]
[m.house365.com/js/showpopup.js]
[m.house365.com/js/jquery-impromptu.js]
[m.house365.com/css/jquery-impromptu.css]
[m.house365.com/css/main.css]
[m.house365.com/images/toplogo_bg.png]
[m.house365.com/images/640/icon_tjf.png]
[m.house365.com/images/icon_alld41d.png]
[m.house365.com/images/hd/icon_search.png]
[m.house365.com/js/jqueryefe2.js]
[m.house365.com/js/commonefe2.js]
[m.house365.com/sz.html]
[m.house365.com/wx.html]
[m.house365.com/cz.html]
[m.house365.com/ks.html]
[m.house365.com/hf.html]
[m.house365.com/wh.html]
[m.house365.com/hz.html]
[m.house365.com/xa.html]
[m.house365.com/cq.html]
[m.house365.com/sy.html]
[m.house365.com/bb.html]
[m.house365.com/tz.html]
[m.house365.com/tj.html]
[m.house365.com/yz.html]
[m.house365.com/jx.html]
[m.house365.com/hb.html]
[m.house365.com/cd.html]
[m.house365.com/nt.html]
[m.house365.com/yx.html]
[m.house365.com/cc.html]
[m.house365.com/suzhou.html]
[m.house365.com/sjz.html]
[m.house365.com/hrb.html]
[m.house365.com/wuhan.html]
[m.house365.com_/newhouse/index.html]
[m.house365.com_/sellhouse/index.html]
[m.house365.com_/sellhouse/index.html]
[m.house365.com_/renthouse/index.html]
[m.house365.com_/renthouse/index.html]
[m.house365.com_/news/index.html]
[m.house365.com_/bbs/index.html]
[m.house365.com/index99ad.html]
[m.house365.com/index99ad.html]
[m.house365.com/index36c1.html]
[m.house365.com/index36c1.html]
[m.house365.com/index2046.html]
[m.house365.com/index2046.html]
[m.house365.com/nj/newhouse/p0_d_j_t_k_o/index.html]
[m.house365.com/nj/newhouse/p0_d_j_t_k_o/index.html]
[m.house365.com/nj/newhouse/p1_d_j_t_k_o/index.html]
[m.house365.com/nj/newhouse/p1_d_j_t_k_o/index.html]
[m.house365.com/nj/newhouse/p2_d_j_t_k_o/index.html]
[m.house365.com/nj/newhouse/p2_d_j_t_k_o/index.html]
[m.house365.com/nj/newhouse/p3_d_j_t_k_o/index.html]
[m.house365.com/nj/newhouse/p3_d_j_t_k_o/index.html]
[m.house365.com/nj/newhouse/p4_d_j_t_k_o/index.html]
[m.house365.com/nj/newhouse/p4_d_j_t_k_o/index.html]
[m.house365.com/nj/newhouse/p5_d_j_t_k_o/index.html]
[m.house365.com/nj/newhouse/p5_d_j_t_k_o/index.html]
[m.house365.com/nj/newhouse/p_d0_j_t_k_o/index.html]
[m.house365.com/nj/newhouse/p_d0_j_t_k_o/index.html]
[m.house365.com/nj/newhouse/p_d1_j_t_k_o/index.html]
[m.house365.com/nj/newhouse/p_d1_j_t_k_o/index.html]
[m.house365.com/nj/newhouse/p_d2_j_t_k_o/index.html]
[m.house365.com/nj/newhouse/p_d2_j_t_k_o/index.html]
[m.house365.com/nj/newhouse/p_d4_j_t_k_o/index.html]
[m.house365.com/nj/newhouse/p_d4_j_t_k_o/index.html]
[m.house365.com/nj/newhouse/p_d5_j_t_k_o/index.html]
[m.house365.com/nj/newhouse/p_d5_j_t_k_o/index.html]
[m.house365.com/nj/newhouse/p_d7_j_t_k_o/index.html]
[m.house365.com/nj/newhouse/p_d7_j_t_k_o/index.html]
[m.house365.com/nj/newhouse/p_d9_j_t_k_o/index.html]
[m.house365.com/nj/newhouse/p_d9_j_t_k_o/index.html]
[m.house365.com/nj/newhouse/p_d10_j_t_k_o/index.html]
[m.house365.com/nj/newhouse/p_d10_j_t_k_o/index.html]
[m.house365.com/nj/newhouse/p_d11_j_t_k_o/index.html]
[m.house365.com/nj/newhouse/p_d11_j_t_k_o/index.html]
[m.house365.com/nj/newhouse/p_d12_j_t_k_o/index.html]
[m.house365.com/nj/newhouse/p_d12_j_t_k_o/index.html]
[m.house365.com/nj/newhouse/p_d13_j_t_k_o/index.html]
[m.house365.com/nj/newhouse/p_d13_j_t_k_o/index.html]
[m.house365.com/nj/newhouse/p_d14_j_t_k_o/index.html]
[m.house365.com/nj/newhouse/p_d14_j_t_k_o/index.html]
[m.house365.com/nj/newhouse/p_d15_j_t_k_o/index.html]
[m.house365.com/nj/newhouse/p_d15_j_t_k_o/index.html]
[m.house365.com/nj/newhouse/p_d16_j_t_k_o/index.html]
[m.house365.com/nj/newhouse/p_d16_j_t_k_o/index.html]
[m.house365.com/nj/newhouse/p_d17_j_t_k_o/index.html]
[m.house365.com/nj/newhouse/p_d17_j_t_k_o/index.html]
[m.house365.com/nj/newhouse/p_d18_j_t_k_o/index.html]
[m.house365.com/nj/newhouse/p_d18_j_t_k_o/index.html]
[m.house365.com/nj/newhouse/p_d19_j_t_k_o/index.html]
[m.house365.com/nj/newhouse/p_d19_j_t_k_o/index.html]
[m.house365.com/nj/newhouse/p_d20_j_t_k_o/index.html]
[m.house365.com/nj/newhouse/p_d20_j_t_k_o/index.html]
[m.house365.com/nj/newhouse/p_d_j0_t_k_o/index.html]
[m.house365.com/nj/newhouse/p_d_j0_t_k_o/index.html]
[m.house365.com/nj/newhouse/p_d_j1_t_k_o/index.html]
[m.house365.com/nj/newhouse/p_d_j1_t_k_o/index.html]
[m.house365.com/nj/newhouse/p_d_j2_t_k_o/index.html]
[m.house365.com/nj/newhouse/p_d_j2_t_k_o/index.html]
[m.house365.com/nj/newhouse/p_d_j3_t_k_o/index.html]
[m.house365.com/nj/newhouse/p_d_j3_t_k_o/index.html]
[m.house365.com/nj/newhouse/p_d_j4_t_k_o/index.html]
[m.house365.com/nj/newhouse/p_d_j4_t_k_o/index.html]
[m.house365.com/nj/newhouse/p_d_j5_t_k_o/index.html]
[m.house365.com/nj/newhouse/p_d_j5_t_k_o/index.html]
[m.house365.com/nj/newhouse/p_d_j6_t_k_o/index.html]
[m.house365.com/nj/newhouse/p_d_j6_t_k_o/index.html]
[m.house365.com/nj/newhouse/p_d_j7_t_k_o/index.html]
[m.house365.com/nj/newhouse/p_d_j7_t_k_o/index.html]
[m.house365.com/nj/newhouse/p_d_j_k_o/index.html]
[m.house365.com/nj/newhouse/p_d_j_k_o/index.html]
[m.house365.com/nj/newhouse/p_d7_j_t1843_k_o/index.html]
[m.house365.com/nj/newhouse/p_d7_j_t1843_k_o/index.html]
[m.house365.com/nj/newhouse/p_d7_j_t1845_k_o/index.html]
[m.house365.com/nj/newhouse/p_d7_j_t1845_k_o/index.html]
[m.house365.com/nj/newhouse/p_d7_j_t1847_k_o/index.html]
[m.house365.com/nj/newhouse/p_d7_j_t1847_k_o/index.html]
[m.house365.com/nj/newhouse/p_d7_j_t1849_k_o/index.html]
[m.house365.com/nj/newhouse/p_d7_j_t1849_k_o/index.html]
[m.house365.com/nj/newhouse/p_d7_j_t1853_k_o/index.html]
[m.house365.com/nj/newhouse/p_d7_j_t1853_k_o/index.html]
[m.house365.com/nj/newhouse/p_d7_j_t1855_k_o/index.html]
[m.house365.com/nj/newhouse/p_d7_j_t1855_k_o/index.html]
[m.house365.com/nj/newhouse/p_d7_j_t1857_k_o/index.html]
[m.house365.com/nj/newhouse/p_d7_j_t1857_k_o/index.html]
[m.house365.com/nj/newhouse/p_d7_j_t1859_k_o/index.html]
[m.house365.com/nj/newhouse/p_d7_j_t1859_k_o/index.html]
[m.house365.com/nj/newhouse/p_d7_j_t1861_k_o/index.html]
[m.house365.com/nj/newhouse/p_d7_j_t1861_k_o/index.html]
[m.house365.com/nj/newhouse/p_d7_j_t1863_k_o/index.html]
[m.house365.com/nj/newhouse/p_d7_j_t1863_k_o/index.html]
[m.house365.com/nj/newhouse/p_d7_j_t1865_k_o/index.html]
[m.house365.com/nj/newhouse/p_d7_j_t1865_k_o/index.html]
[m.house365.com/nj/newhouse/p_d7_j_t1867_k_o/index.html]
[m.house365.com/nj/newhouse/p_d7_j_t1867_k_o/index.html]
[m.house365.com/nj/newhouse/p_d7_j_t1869_k_o/index.html]
[m.house365.com/nj/newhouse/p_d7_j_t1869_k_o/index.html]
[m.house365.com/nj/newhouse/p_d7_j_t1871_k_o/index.html]
[m.house365.com/nj/newhouse/p_d7_j_t1871_k_o/index.html]
[m.house365.com/nj/newhouse/p_d7_j_t1873_k_o/index.html]
[m.house365.com/nj/newhouse/p_d7_j_t1873_k_o/index.html]
[m.house365.com/nj/newhouse/p_d7_j_t1877_k_o/index.html]
[m.house365.com/nj/newhouse/p_d7_j_t1877_k_o/index.html]
[m.house365.com/nj/newhouse/p_d7_j_t1881_k_o/index.html]
[m.house365.com/nj/newhouse/p_d7_j_t1881_k_o/index.html]
[m.house365.com/nj/newhouse/p_d7_j_t2395_k_o/index.html]
[m.house365.com/nj/newhouse/p_d7_j_t2395_k_o/index.html]
[m.house365.com/nj/newhouse/p_d7_j_t1885_k_o/index.html]
[m.house365.com/nj/newhouse/p_d7_j_t1885_k_o/index.html]
[m.house365.com/nj/newhouse/p_d7_j_t1887_k_o/index.html]
[m.house365.com/nj/newhouse/p_d7_j_t1887_k_o/index.html]
[m.house365.com/nj/newhouse/p_d7_j_t1889_k_o/index.html]
[m.house365.com/nj/newhouse/p_d7_j_t1889_k_o/index.html]
[m.house365.com/nj/newhouse/p_d7_j_t1891_k_o/index.html]
[m.house365.com/nj/newhouse/p_d7_j_t1891_k_o/index.html]
[m.house365.com/nj/newhouse/p_d7_j_t1953_k_o/index.html]
[m.house365.com/nj/newhouse/p_d7_j_t1953_k_o/index.html]
[m.house365.com/nj/newhouse/p_d7_j_t2401_k_o/index.html]
[m.house365.com/nj/newhouse/p_d7_j_t2401_k_o/index.html]
[m.house365.com/nj/newhouse/laimengshuixieyangguang.html]
[m.house365.com/nj/newhouse/langshiweilaijiequ.html]
[m.house365.com/nj/newhouse/fulishangyueju.html]
[m.house365.com/nj/newhouse/yinchenglinyinli.html]
[m.house365.com/nj/newhouse/aifeiguoji.html]
[m.house365.com/nj/newhouse/fengqiaoyazhu.html]
[m.house365.com/nj/newhouse/haixiacheng.html]
[m.house365.com/nj/newhouse/xinchengxiangyizijun.html]
[m.house365.com/nj/newhouse/weinisishuicheng.html]
[m.house365.com/nj/newhouse/dafayanlanwan.html]
[m.house365.com/nj/newhouse/chengwanglidu.html]
[m.house365.com/nj/newhouse/wangzigongguan.html]
[m.house365.com/nj/newhouse/baijiahuliyuanguojigongguan.html]
[m.house365.com/nj/newhouse/jinlunhuaerzi.html]
[m.house365.com/nj/newhouse/kairunguangchang.html]
[m.house365.com/nj/newhouse/yurunguojiguangchangzhoujixingzhenggongyu.html]
[m.house365.com/nj/newhouse/zhongshanlu99hao.html]
[m.house365.com/nj/newhouse/siyacaifuzhongxin.html]
[m.house365.com/nj/newhouse/xiangshanyijing.html]
[m.house365.com/nj/newhouse/dadyiliyatewan.html]
[m.house365.com/indexec5f.html]
[m.house365.com/index060d.html]
[m.house365.com/index060d.html]
[m.house365.com/nj/sellhouse/i0_x_m_d_j_b_k/index.html]
[m.house365.com/nj/sellhouse/i0_x_m_d_j_b_k/index.html]
[m.house365.com/nj/sellhouse/i1_x_m_d_j_b_k/index.html]
[m.house365.com/nj/sellhouse/i1_x_m_d_j_b_k/index.html]
[m.house365.com/nj/sellhouse/i2_x_m_d_j_b_k/index.html]
[m.house365.com/nj/sellhouse/i2_x_m_d_j_b_k/index.html]
[m.house365.com/nj/sellhouse/i_x0_d_j_b_k/index.html]
[m.house365.com/nj/sellhouse/i_x0_d_j_b_k/index.html]
[m.house365.com/nj/sellhouse/i_x1_d_j_b_k/index.html]
[m.house365.com/nj/sellhouse/i_x1_d_j_b_k/index.html]
[m.house365.com/nj/sellhouse/i_x2_d_j_b_k/index.html]
[m.house365.com/nj/sellhouse/i_x2_d_j_b_k/index.html]
[m.house365.com/nj/sellhouse/i_x3_d_j_b_k/index.html]
[m.house365.com/nj/sellhouse/i_x3_d_j_b_k/index.html]
[m.house365.com/nj/sellhouse/i_x4_d_j_b_k/index.html]
[m.house365.com/nj/sellhouse/i_x4_d_j_b_k/index.html]
[m.house365.com/nj/sellhouse/i_x5_d_j_b_k/index.html]
[m.house365.com/nj/sellhouse/i_x5_d_j_b_k/index.html]
[m.house365.com/nj/sellhouse/i_x_m_d_j0_b_k/index.html]
[m.house365.com/nj/sellhouse/i_x_m_d_j0_b_k/index.html]
[m.house365.com/nj/sellhouse/i_x_m_d_j1_b_k/index.html]
[m.house365.com/nj/sellhouse/i_x_m_d_j1_b_k/index.html]
[m.house365.com/nj/sellhouse/i_x_m_d_j2_b_k/index.html]
[m.house365.com/nj/sellhouse/i_x_m_d_j2_b_k/index.html]
[m.house365.com/nj/sellhouse/i_x_m_d_j3_b_k/index.html]
[m.house365.com/nj/sellhouse/i_x_m_d_j3_b_k/index.html]
[m.house365.com/nj/sellhouse/i_x_m_d_j4_b_k/index.html]
[m.house365.com/nj/sellhouse/i_x_m_d_j4_b_k/index.html]
[m.house365.com/nj/sellhouse/i_x_m_d_j5_b_k/index.html]
[m.house365.com/nj/sellhouse/i_x_m_d_j5_b_k/index.html]
[m.house365.com/nj/sellhouse/i_x_m_d_j6_b_k/index.html]
[m.house365.com/nj/sellhouse/i_x_m_d_j6_b_k/index.html]
[m.house365.com/nj/sellhouse/i_x_m_d_j7_b_k/index.html]
[m.house365.com/nj/sellhouse/i_x_m_d_j7_b_k/index.html]
[m.house365.com/nj/sellhouse/i_x_m_d_j8_b_k/index.html]
[m.house365.com/nj/sellhouse/i_x_m_d_j8_b_k/index.html]
[m.house365.com/nj/sellhouse/i_x_m_d_j9_b_k/index.html]
[m.house365.com/nj/sellhouse/i_x_m_d_j9_b_k/index.html]
[m.house365.com/nj/sellhouse/i_x_m0_d_j_b_k/index.html]
[m.house365.com/nj/sellhouse/i_x_m0_d_j_b_k/index.html]
[m.house365.com/nj/sellhouse/i_x_m1_d_j_b_k/index.html]
[m.house365.com/nj/sellhouse/i_x_m1_d_j_b_k/index.html]
[m.house365.com/nj/sellhouse/i_x_m2_d_j_b_k/index.html]
[m.house365.com/nj/sellhouse/i_x_m2_d_j_b_k/index.html]
[m.house365.com/nj/sellhouse/i_x_m3_d_j_b_k/index.html]
[m.house365.com/nj/sellhouse/i_x_m3_d_j_b_k/index.html]
[m.house365.com/nj/sellhouse/i_x_m4_d_j_b_k/index.html]
[m.house365.com/nj/sellhouse/i_x_m4_d_j_b_k/index.html]
[m.house365.com/nj/sellhouse/i_x_m5_d_j_b_k/index.html]
[m.house365.com/nj/sellhouse/i_x_m5_d_j_b_k/index.html]
[m.house365.com/nj/sellhouse/i_x_m6_d_j_b_k/index.html]
[m.house365.com/nj/sellhouse/i_x_m6_d_j_b_k/index.html]
[m.house365.com/nj/sellhouse/i_x_m7_d_j_b_k/index.html]
[m.house365.com/nj/sellhouse/i_x_m7_d_j_b_k/index.html]
[m.house365.com/nj/sellhouse/i_x_m8_d_j_b_k/index.html]
[m.house365.com/nj/sellhouse/i_x_m8_d_j_b_k/index.html]
[m.house365.com/nj/sellhouse/i_x_m9_d_j_b_k/index.html]
[m.house365.com/nj/sellhouse/i_x_m9_d_j_b_k/index.html]
[m.house365.com/nj/sellhouse/i_x_m_d0_j_b_k/index.html]
[m.house365.com/nj/sellhouse/i_x_m_d0_j_b_k/index.html]
[m.house365.com/nj/sellhouse/i_x_m_d1_j_b_k/index.html]
[m.house365.com/nj/sellhouse/i_x_m_d1_j_b_k/index.html]
[m.house365.com/nj/sellhouse/i_x_m_d2_j_b_k/index.html]
[m.house365.com/nj/sellhouse/i_x_m_d2_j_b_k/index.html]
[m.house365.com/nj/sellhouse/i_x_m_d3_j_b_k/index.html]
[m.house365.com/nj/sellhouse/i_x_m_d3_j_b_k/index.html]
[m.house365.com/nj/sellhouse/i_x_m_d4_j_b_k/index.html]
[m.house365.com/nj/sellhouse/i_x_m_d4_j_b_k/index.html]
[m.house365.com/nj/sellhouse/i_x_m_d5_j_b_k/index.html]
[m.house365.com/nj/sellhouse/i_x_m_d5_j_b_k/index.html]
[m.house365.com/nj/sellhouse/i_x_m_d6_j_b_k/index.html]
[m.house365.com/nj/sellhouse/i_x_m_d6_j_b_k/index.html]
[m.house365.com/nj/sellhouse/i_x_m_d7_j_b_k/index.html]
[m.house365.com/nj/sellhouse/i_x_m_d7_j_b_k/index.html]
[m.house365.com/nj/sellhouse/i_x_m_d8_j_b_k/index.html]
[m.house365.com/nj/sellhouse/i_x_m_d8_j_b_k/index.html]
[m.house365.com/nj/sellhouse/i_x_m_d9_j_b_k/index.html]
[m.house365.com/nj/sellhouse/i_x_m_d9_j_b_k/index.html]
[m.house365.com/nj/sellhouse/i_x_m_d10_j_b_k/index.html]
[m.house365.com/nj/sellhouse/i_x_m_d10_j_b_k/index.html]
[m.house365.com/nj/sellhouse/i_x_m_d11_j_b_k/index.html]
[m.house365.com/nj/sellhouse/i_x_m_d11_j_b_k/index.html]
[m.house365.com/nj/sellhouse/i_x_m_d12_j_b_k/index.html]
[m.house365.com/nj/sellhouse/i_x_m_d12_j_b_k/index.html]
[m.house365.com/nj/sellhouse/i_x_m_d13_j_b_k/index.html]
[m.house365.com/nj/sellhouse/i_x_m_d13_j_b_k/index.html]
[m.house365.com/nj/sellhouse/i_x_m_d14_j_b_k/index.html]
[m.house365.com/nj/sellhouse/i_x_m_d14_j_b_k/index.html]
[m.house365.com/nj/sellhouse/i_x_m_d15_j_b_k/index.html]
[m.house365.com/nj/sellhouse/i_x_m_d15_j_b_k/index.html]
[m.house365.com/nj/sellhouse/47545187.html]
[m.house365.com/nj/sellhouse/46168669.html]
[m.house365.com/nj/sellhouse/47006375.html]
[m.house365.com/nj/sellhouse/47018806.html]
[img25.house365.com/njhouse/2014/08/08/thumb/140749899353e4baf149ee2.jpg]
[m.house365.com/nj/sellhouse/47545185.html]
[m.house365.com/nj/sellhouse/47545186.html]
[m.house365.com/nj/sellhouse/47003873.html]
[m.house365.com/nj/sellhouse/47018426.html]
[m.house365.com/nj/sellhouse/47000958.html]
[m.house365.com/nj/sellhouse/46971058.html]
[m.house365.com/nj/sellhouse/47010189.html]
[m.house365.com/nj/sellhouse/46526459.html]
[m.house365.com/nj/sellhouse/46534793.html]
[m.house365.com/nj/sellhouse/45976810.html]
[m.house365.com/nj/sellhouse/46345751.html]
[m.house365.com/nj/sellhouse/47000636.html]
[m.house365.com/nj/sellhouse/47002898.html]
[m.house365.com/nj/sellhouse/46998047.html]
[m.house365.com/nj/sellhouse/46429162.html]
[img15.house365.com/njhouse/2014/07/23/thumb/140612089953cfb3c3b102c.jpg]
[m.house365.com/nj/sellhouse/46464936.html]
[m.house365.com/index5f0a.html]
[m.house365.com/indexbcf3.html]
[m.house365.com/nj/sellhouse/images/loading.html]
[m.house365.com/nj/renthouse/i0_x_d_j_t_z_b_k/index.html]
[m.house365.com/nj/renthouse/i0_x_d_j_t_z_b_k/index.html]
[m.house365.com/nj/renthouse/i1_x_d_j_t_z_b_k/index.html]
[m.house365.com/nj/renthouse/i1_x_d_j_t_z_b_k/index.html]
[m.house365.com/nj/renthouse/i2_x_d_j_t_z_b_k/index.html]
[m.house365.com/nj/renthouse/i2_x_d_j_t_z_b_k/index.html]
[m.house365.com/nj/renthouse/i_x0_d_j_t_z_b_k/index.html]
[m.house365.com/nj/renthouse/i_x0_d_j_t_z_b_k/index.html]
[m.house365.com/nj/renthouse/i_x1_d_j_t_z_b_k/index.html]
[m.house365.com/nj/renthouse/i_x1_d_j_t_z_b_k/index.html]
[m.house365.com/nj/renthouse/i_x2_d_j_t_z_b_k/index.html]
[m.house365.com/nj/renthouse/i_x2_d_j_t_z_b_k/index.html]
[m.house365.com/nj/renthouse/i_x3_d_j_t_z_b_k/index.html]
[m.house365.com/nj/renthouse/i_x3_d_j_t_z_b_k/index.html]
[m.house365.com/nj/renthouse/i_x4_d_j_t_z_b_k/index.html]
[m.house365.com/nj/renthouse/i_x4_d_j_t_z_b_k/index.html]
[m.house365.com/nj/renthouse/i_x5_d_j_t_z_b_k/index.html]
[m.house365.com/nj/renthouse/i_x5_d_j_t_z_b_k/index.html]
[m.house365.com/nj/renthouse/i_x_d_j0_t_z_b_k/index.html]
[m.house365.com/nj/renthouse/i_x_d_j0_t_z_b_k/index.html]
[m.house365.com/nj/renthouse/i_x_d_j1_t_z_b_k/index.html]
[m.house365.com/nj/renthouse/i_x_d_j1_t_z_b_k/index.html]
[m.house365.com/nj/renthouse/i_x_d_j2_t_z_b_k/index.html]
[m.house365.com/nj/renthouse/i_x_d_j2_t_z_b_k/index.html]
[m.house365.com/nj/renthouse/i_x_d_j3_t_z_b_k/index.html]
[m.house365.com/nj/renthouse/i_x_d_j3_t_z_b_k/index.html]
[m.house365.com/nj/renthouse/i_x_d_j4_t_z_b_k/index.html]
[m.house365.com/nj/renthouse/i_x_d_j4_t_z_b_k/index.html]
[m.house365.com/nj/renthouse/i_x_d_j5_t_z_b_k/index.html]
[m.house365.com/nj/renthouse/i_x_d_j5_t_z_b_k/index.html]
[m.house365.com/nj/renthouse/i_x_d_j6_t_z_b_k/index.html]
[m.house365.com/nj/renthouse/i_x_d_j6_t_z_b_k/index.html]
[m.house365.com/nj/renthouse/i_x_d_j7_t_z_b_k/index.html]
[m.house365.com/nj/renthouse/i_x_d_j7_t_z_b_k/index.html]
[m.house365.com/nj/renthouse/i_x_d0_j_t_z_b_k/index.html]
[m.house365.com/nj/renthouse/i_x_d0_j_t_z_b_k/index.html]
[m.house365.com/nj/renthouse/i_x_d1_j_t_z_b_k/index.html]
[m.house365.com/nj/renthouse/i_x_d1_j_t_z_b_k/index.html]
[m.house365.com/nj/renthouse/i_x_d2_j_t_z_b_k/index.html]
[m.house365.com/nj/renthouse/i_x_d2_j_t_z_b_k/index.html]
[m.house365.com/nj/renthouse/i_x_d3_j_t_z_b_k/index.html]
[m.house365.com/nj/renthouse/i_x_d3_j_t_z_b_k/index.html]
[m.house365.com/nj/renthouse/i_x_d4_j_t_z_b_k/index.html]
[m.house365.com/nj/renthouse/i_x_d4_j_t_z_b_k/index.html]
[m.house365.com/nj/renthouse/i_x_d5_j_t_z_b_k/index.html]
[m.house365.com/nj/renthouse/i_x_d5_j_t_z_b_k/index.html]
[m.house365.com/nj/renthouse/i_x_d6_j_t_z_b_k/index.html]
[m.house365.com/nj/renthouse/i_x_d6_j_t_z_b_k/index.html]
[m.house365.com/nj/renthouse/i_x_d7_j_t_z_b_k/index.html]
[m.house365.com/nj/renthouse/i_x_d7_j_t_z_b_k/index.html]
[m.house365.com/nj/renthouse/i_x_d8_j_t_z_b_k/index.html]
[m.house365.com/nj/renthouse/i_x_d8_j_t_z_b_k/index.html]
[m.house365.com/nj/renthouse/i_x_d9_j_t_z_b_k/index.html]
[m.house365.com/nj/renthouse/i_x_d9_j_t_z_b_k/index.html]
[m.house365.com/nj/renthouse/i_x_d10_j_t_z_b_k/index.html]
[m.house365.com/nj/renthouse/i_x_d10_j_t_z_b_k/index.html]
[m.house365.com/nj/renthouse/i_x_d11_j_t_z_b_k/index.html]
[m.house365.com/nj/renthouse/i_x_d11_j_t_z_b_k/index.html]
[m.house365.com/nj/renthouse/i_x_d12_j_t_z_b_k/index.html]
[m.house365.com/nj/renthouse/i_x_d12_j_t_z_b_k/index.html]
[m.house365.com/nj/renthouse/i_x_d13_j_t_z_b_k/index.html]
[m.house365.com/nj/renthouse/i_x_d13_j_t_z_b_k/index.html]
[m.house365.com/nj/renthouse/i_x_d14_j_t_z_b_k/index.html]
[m.house365.com/nj/renthouse/i_x_d14_j_t_z_b_k/index.html]
[m.house365.com/nj/renthouse/i_x_d15_j_t_z_b_k/index.html]
[m.house365.com/nj/renthouse/i_x_d15_j_t_z_b_k/index.html]
[m.house365.com/nj/renthouse/i_x_d_j_t0_z_b_k/index.html]
[m.house365.com/nj/renthouse/i_x_d_j_t0_z_b_k/index.html]
[m.house365.com/nj/renthouse/i_x_d_j_t1_z_b_k/index.html]
[m.house365.com/nj/renthouse/i_x_d_j_t1_z_b_k/index.html]
[m.house365.com/nj/renthouse/i_x_d_j_t2_z_b_k/index.html]
[m.house365.com/nj/renthouse/i_x_d_j_t2_z_b_k/index.html]
[m.house365.com/nj/renthouse/i_x_d_j_t3_z_b_k/index.html]
[m.house365.com/nj/renthouse/i_x_d_j_t3_z_b_k/index.html]
[m.house365.com/nj/renthouse/i_x_d_j_t_z0_b_k/index.html]
[m.house365.com/nj/renthouse/i_x_d_j_t_z0_b_k/index.html]
[m.house365.com/nj/renthouse/i_x_d_j_t_z1_b_k/index.html]
[m.house365.com/nj/renthouse/i_x_d_j_t_z1_b_k/index.html]
[m.house365.com/nj/renthouse/i_x_d_j_t_z2_b_k/index.html]
[m.house365.com/nj/renthouse/i_x_d_j_t_z2_b_k/index.html]
[m.house365.com/nj/renthouse/i_x_d_j_t_z3_b_k/index.html]
[m.house365.com/nj/renthouse/i_x_d_j_t_z3_b_k/index.html]
[m.house365.com/nj/renthouse/i_x_d_j_t_z4_b_k/index.html]
[m.house365.com/nj/renthouse/i_x_d_j_t_z4_b_k/index.html]
[m.house365.com/nj/renthouse/44434462.html]
[m.house365.com/nj/renthouse/44431213.html]
[m.house365.com/nj/renthouse/44406127.html]
[m.house365.com/nj/renthouse/44353052.html]
[m.house365.com/nj/renthouse/44366974.html]
[m.house365.com/nj/renthouse/44366973.html]
[m.house365.com/nj/renthouse/44366970.html]
[m.house365.com/nj/renthouse/44406460.html]
[m.house365.com/nj/renthouse/44402589.html]
[m.house365.com/nj/renthouse/44429538.html]
[m.house365.com/nj/renthouse/44434461.html]
[m.house365.com/nj/renthouse/44117034.html]
[m.house365.com/nj/renthouse/44434460.html]
[m.house365.com/nj/renthouse/44091775.html]
[m.house365.com/nj/renthouse/44210905.html]
[m.house365.com/nj/renthouse/44422870.html]
[m.house365.com/nj/renthouse/44399840.html]
[m.house365.com/nj/renthouse/44406220.html]
[m.house365.com/nj/renthouse/44429662.html]
[m.house365.com/nj/renthouse/44429695.html]
[m.house365.com/index6446.html]
[m.house365.com/nj/renthouse/images/loading.html]
[m.house365.com/css/kft.css]
[m.house365.com/indexbb4f.html]
[m.house365.com/indexbb4f.html]
[m.house365.com/indexfe67.html]
[m.house365.com/indexfe67.html]
[m.house365.com/index1768.html]
[m.house365.com/index1768.html]
[m.house365.com/indexa003.html]
[m.house365.com/indexa003.html]
[m.house365.com/index3a6e.html]
[m.house365.com/index3a6e.html]
[m.house365.com/index453c.html]
[m.house365.com/index453c.html]
[m.house365.com/index9df9.html]
[m.house365.com/index9df9.html]
[m.house365.com/indexa7d8.html]
[m.house365.com/indexa7d8.html]
[m.house365.com/index7e29.html]
[m.house365.com/index7e29.html]
[m.house365.com/index9ffd.html]
[m.house365.com/index9ffd.html]
[m.house365.com/index8eec.html]
[m.house365.com/index8eec.html]
[m.house365.com/index900f.html]
[m.house365.com/index900f.html]
[m.house365.com/index20fa.html]
[m.house365.com/index20fa.html]
[m.house365.com/index5385.html]
[m.house365.com/index5385.html]
[m.house365.com/index49d1.html]
[m.house365.com/index49d1.html]
[m.house365.com/indexcad5.html]
[m.house365.com/indexcad5.html]
[m.house365.com/index77d6.html]
[m.house365.com/index77d6.html]
[m.house365.com/index5019.html]
[m.house365.com/index5019.html]
[m.house365.com/indexfd05.html]
[m.house365.com/indexfd05.html]
[m.house365.com/index65c5.html]
[m.house365.com/index65c5.html]
[m.house365.com/index273a.html]
[m.house365.com/index273a.html]
[m.house365.com/indexc6b3.html]
[m.house365.com/indexc6b3.html]
[m.house365.com/index93b4.html]
[m.house365.com/index93b4.html]
[m.house365.com/index2f6d.html]
[m.house365.com/index2f6d.html]
[m.house365.com/indexbb3c.html]
[m.house365.com/indexbb3c.html]
[m.house365.com/index879c.html]
[m.house365.com/index879c.html]
[m.house365.com/indexa1f9.html]
[m.house365.com/indexa1f9.html]
[m.house365.com/index0890-2.html]
[m.house365.com/indexf66b.html]
[m.house365.com/indexf66b.html]
[m.house365.com/indexcb1b.html]
[m.house365.com/indexcb1b.html]
[m.house365.com/index274b-2.html]
[m.house365.com/index5f2f.html]
[m.house365.com/index5f2f.html]
[m.house365.com/index5395-2.html]
[m.house365.com/nj/news/rdzx/index.html]
[m.house365.com/nj/news/rdzx/index.html]
[m.house365.com/nj/news/lpdg/index.html]
[m.house365.com/nj/news/lpdg/index.html]
[m.house365.com/nj/news/rdxw/index.html]
[m.house365.com/nj/news/rdxw/index.html]
[m.house365.com/nj/news/hqbb/index.html]
[m.house365.com/nj/news/hqbb/index.html]
[m.house365.com/nj/news/024464182.html]
[m.house365.com/nj/news/024464181.html]
[m.house365.com/nj/news/024464111.html]
[m.house365.com/nj/news/024463995.html]
[m.house365.com/nj/news/024463727.html]
[m.house365.com/nj/news/024461924.html]
[m.house365.com/nj/news/024461688.html]
[m.house365.com/nj/news/024461401.html]
[m.house365.com/nj/news/024461378.html]
[m.house365.com/nj/news/024461322.html]
[m.house365.com/indexbd30.html]
[m.house365.com/indexa4a7.html]
[m.house365.com/indexa4a7.html]
[m.house365.com/index22d7.html]
[m.house365.com/index22d7.html]
[m.house365.com/index0bdf.html]
[m.house365.com/index0bdf.html]
[m.house365.com/index256a-2.html]
[m.house365.com/js/share9a0d.js]
[m.house365.com/css/common.css]
[m.house365.com/css/jquerymobile.mini.css]
[m.house365.com/js/jquery.mobile-1.4.2.min.js]
[m.house365.com/js/jquery.event.drag-1.5.min.js]
[m.house365.com/js/jquery.touchSlider.js]
[m.house365.com/nj/bbs/5048305.html]
[m.house365.com/nj/bbs/5046019.html]
[m.house365.com/nj/bbs/5034567.html]
[m.house365.com/nj/bbs/5044081.html]
[m.house365.com/nj/bbs/4640509.html]
[m.house365.com/nj/bbs/5048059.html]
[m.house365.com/nj/bbs/5047197.html]
[m.house365.com/nj/bbs/5046745.html]
[m.house365.com/nj/bbs/5047983.html]
[m.house365.com/nj/bbs/5046585.html]
[m.house365.com/nj/bbs/5047931.html]
[m.house365.com/nj/bbs/5048163.html]
[m.house365.com/nj/bbs/5047241.html]
[m.house365.com/nj/bbs/5046841.html]
[m.house365.com/nj/bbs/5045995.html]
[m.house365.com/nj/bbs/5045767.html]
[m.house365.com/nj/bbs/5045601.html]
[m.house365.com/nj/bbs/5045253.html]
[m.house365.com/nj/bbs/5045759.html]
[m.house365.com/nj/bbs/5045521.html]
[m.house365.com/nj/bbs/5044167.html]
[m.house365.com/nj/bbs/5045251.html]
[m.house365.com/nj/bbs/5046145.html]
[m.house365.com/nj/bbs/5045385.html]
[m.house365.com/nj/bbs/5044521.html]
[m.house365.com/nj/bbs/5045167.html]
[m.house365.com/nj/bbs/5044643.html]
[m.house365.com/nj/bbs/5042935.html]
[m.house365.com/nj/bbs/5044091.html]
[m.house365.com/indexc738.html]
[m.house365.com/index4115.html]
[m.house365.com/nj/bbs/images/smilies/xzg/17.html]
[m.house365.com/nj/bbs/images/smilies/xzg/5.html]
[img2.house365.com/njbbsavatar/2014/03/07/1560357_avatar_small.jpg]
[m.house365.com/nj/bbs/images/smilies/xzg/39.html]
[m.house365.com/nj/bbs/images/smilies/xzg/3.html]
[m.house365.com/index498b.html]
[m.house365.com/indexc6b2.html]
[m.house365.com/nj/bbs/images/smilies/xzg/16.html]
[m.house365.com/nj/bbs/images/smilies/xzg/0.html]
[img2.house365.com/njbbsavatar/2013/05/28/1323309_avatar_small.jpg]
[m.house365.com/index370b.html]
[m.house365.com/nj/bbs/images/smilies/rabbit/70.html]
[m.house365.com/nj/bbs/images/smilies/rabbit/72.html]
[m.house365.com/nj/bbs/images/smilies/rabbit/52.html]
[m.house365.com/index100f.html]
[m.house365.com/nj/bbs/images/smilies/xzg/19.html]
[m.house365.com/nj/bbs/images/smilies/xzg/4.html]
[m.house365.com/indexb3f8.html]
[m.house365.com/nj/bbs/images/smilies/rabbit/23.html]
[m.house365.com/nj/bbs/images/smilies/rabbit/57.html]
[img11.house365.com/image.17173.com/bbs/upload/2005/12/03/small_client/1133600992.html]
[m.house365.com/nj/bbs/images/smilies/xzg/118.html]
[img11.house365.com_/small_client/C_/DOCUME_1/ADMINI_1/LOCALS_1/Temp/[GBGAI78U(7T0{_)U7AN}1Q.html]
[m.house365.com/nj/bbs/images/smilies/xzg/40.html]
[m.house365.com/index697a.html]
[m.house365.com/nj/bbs/images/smilies/rabbit/100.html]
[m.house365.com/nj/bbs/images/smilies/rabbit/31.html]
[m.house365.com/nj/bbs/images/smilies/rabbit/88.html]
[m.house365.com/nj/bbs/images/smilies/rabbit/18.html]
[m.house365.com/nj/bbs/images/smilies/rabbit/74.html]
[m.house365.com/nj/bbs/images/smilies/rabbit/4.html]
[m.house365.com/nj/bbs/images/smilies/rabbit/106.html]
[m.house365.com/nj/bbs/images/smilies/xzg/15.html]
[img14.house365.com/nj/2014/08/21/140861334453f5bbe0b4112.jpg]
[img17.house365.com/nj/2014/08/12/140780651553e96c33d6854.jpg]
[img15.house365.com/nj/2014/08/05/140722774053e0975c576e8.jpg]
[img18.house365.com/nj/2014/07/29/140660430053d7140c7adf5.jpg]
[img19.house365.com/nj/2014/08/01/140685686553daeea170839.jpg]
[img15.house365.com/nj/2014/08/11/140773540153e856699a714.jpg]
[img16.house365.com/bbsuserpic/2014/08/21/140860916653f5ab8e90a42.jpg]
[img12.house365.com/bbsuserpic/2014/06/22/140344219853a6d416480a8.jpg]
[img20.house365.com/bbsuserpic/2014/08/11/small_client/140772485053e82d320fcc8.jpg]
